// Jest Snapshot v1, https://goo.gl/fbAQLP

exports[`should match snapshot 1`] = `
<DocumentFragment>
  <div>
    <h3>
      This is the form to add a task!
    </h3>
    <form>
      <label
        for="todo"
      >
        New Todo: 
      </label>
      <input
        id="todo"
        name="todo"
        placeholder="ie: Walk the dog"
        type="text"
        value=""
      />
      <button>
        Add Task
      </button>
    </form>
  </div>
</DocumentFragment>
`;
