// Jest Snapshot v1, https://goo.gl/fbAQLP

exports[`should match snapshot 1`] = `
<DocumentFragment>
  <div>
    <div>
      <h3>
        This is the form to add a task!
      </h3>
      <form>
        <label
          for="todo"
        >
          New Todo: 
        </label>
        <input
          id="todo"
          name="todo"
          placeholder="ie: Walk the dog"
          type="text"
          value=""
        />
        <button>
          Add Task
        </button>
      </form>
    </div>
    <ul>
      <li
        class="Todo"
        id="8bc8fe7b-3936-49ef-96b7-04cf2f951530"
      >
        Walk the dog  
        <a
          class="Todo-close"
          href="#"
        >
          <svg
            fill="currentColor"
            height="1em"
            stroke="currentColor"
            stroke-width="0"
            viewBox="0 0 512 512"
            width="1em"
            xmlns="http://www.w3.org/2000/svg"
          >
            <path
              d="M17.47 250.9C88.82 328.1 158 397.6 224.5 485.5c72.3-143.8 146.3-288.1 268.4-444.37L460 26.06C356.9 135.4 276.8 238.9 207.2 361.9c-48.4-43.6-126.62-105.3-174.38-137z"
            />
          </svg>
        </a>
      </li>
    </ul>
    <br />
    <hr />
    <br />
    <h3>
      Completed
    </h3>
    <ul>
      <li
        class="Todo"
        id=""
      >
          
        <a
          class="Todo-close"
          href="#"
        >
          <svg
            fill="currentColor"
            height="1em"
            stroke="currentColor"
            stroke-width="0"
            viewBox="0 0 512 512"
            width="1em"
            xmlns="http://www.w3.org/2000/svg"
          >
            <path
              d="M17.47 250.9C88.82 328.1 158 397.6 224.5 485.5c72.3-143.8 146.3-288.1 268.4-444.37L460 26.06C356.9 135.4 276.8 238.9 207.2 361.9c-48.4-43.6-126.62-105.3-174.38-137z"
            />
          </svg>
        </a>
      </li>
    </ul>
  </div>
</DocumentFragment>
`;
